src/pages/VendorPortal/VendorPortal.tsx(1952,21): error TS2657: JSX expressions must have one parent element.
src/pages/VendorPortal/VendorPortal.tsx(2162,17): error TS1005: ')' expected.
src/pages/VendorPortal/VendorPortal.tsx(2163,14): error TS1381: Unexpected token. Did you mean `{'}'}` or `&rbrace;`?
src/pages/VendorPortal/VendorPortal.tsx(3093,14): error TS1381: Unexpected token. Did you mean `{'}'}` or `&rbrace;`?
src/pages/VendorPortal/VendorPortal.tsx(4352,18): error TS1381: Unexpected token. Did you mean `{'}'}` or `&rbrace;`?
src/pages/VendorPortal/VendorPortal.tsx(4578,18): error TS1381: Unexpected token. Did you mean `{'}'}` or `&rbrace;`?
src/pages/VendorPortal/VendorPortal.tsx(4773,9): error TS1005: ')' expected.
src/pages/VendorPortal/VendorPortal.tsx(4780,1): error TS1005: '}' expected.
