src/pages/VendorPortal/VendorPortal.tsx(1764,30): error TS17008: JSX element 'form' has no corresponding closing tag.
src/pages/VendorPortal/VendorPortal.tsx(1930,33): error TS1005: ')' expected.
src/pages/VendorPortal/VendorPortal.tsx(1946,19): error TS17002: Expected corresponding JSX closing tag for 'div'.
src/pages/VendorPortal/VendorPortal.tsx(1948,22): error TS1381: Unexpected token. Did you mean `{'}'}` or `&rbrace;`?
src/pages/VendorPortal/VendorPortal.tsx(3093,21): error TS1005: ')' expected.
src/pages/VendorPortal/VendorPortal.tsx(3094,17): error TS1109: Expression expected.
src/pages/VendorPortal/VendorPortal.tsx(3094,18): error TS1128: Declaration or statement expected.
src/pages/VendorPortal/VendorPortal.tsx(4352,18): error TS1381: Unexpected token. Did you mean `{'}'}` or `&rbrace;`?
src/pages/VendorPortal/VendorPortal.tsx(4577,21): error TS1005: ')' expected.
src/pages/VendorPortal/VendorPortal.tsx(4578,18): error TS1381: Unexpected token. Did you mean `{'}'}` or `&rbrace;`?
src/pages/VendorPortal/VendorPortal.tsx(4772,9): error TS1005: ')' expected.
src/pages/VendorPortal/VendorPortal.tsx(4773,5): error TS1109: Expression expected.
