src/app/App.tsx(81,19): error TS1343: The 'import.meta' meta-property is only allowed when the '--module' option is 'es2020', 'es2022', 'esnext', 'system', 'node16', 'node18', or 'nodenext'.
src/app/App.tsx(1119,126): error TS1343: The 'import.meta' meta-property is only allowed when the '--module' option is 'es2020', 'es2022', 'esnext', 'system', 'node16', 'node18', or 'nodenext'.
src/app/App.tsx(1125,45): error TS1343: The 'import.meta' meta-property is only allowed when the '--module' option is 'es2020', 'es2022', 'esnext', 'system', 'node16', 'node18', or 'nodenext'.
src/components/ErrorBoundary.tsx(62,3): error TS2612: Property 'props' will overwrite the base property in 'Component<Props, State, any>'. If this is intentional, add an initializer. Otherwise, add a 'declare' modifier or remove the redundant declaration.
src/components/InvoiceScannerModal.tsx(83,26): error TS1343: The 'import.meta' meta-property is only allowed when the '--module' option is 'es2020', 'es2022', 'esnext', 'system', 'node16', 'node18', or 'nodenext'.
src/components/LedgerQuestions.tsx(296,20): error TS2322: Type '{ children: string; jsx: string; }' is not assignable to type 'DetailedHTMLProps<StyleHTMLAttributes<HTMLStyleElement>, HTMLStyleElement>'.
  Property 'jsx' does not exist on type 'DetailedHTMLProps<StyleHTMLAttributes<HTMLStyleElement>, HTMLStyleElement>'.
src/components/MassUploadModal.tsx(113,156): error TS2322: Type 'VoucherType' is not assignable to type '"Purchase" | "Sales" | "Payment" | "Receipt" | "Contra" | "Journal" | "Expenses"'.
  Type '"Credit Note"' is not assignable to type '"Purchase" | "Sales" | "Payment" | "Receipt" | "Contra" | "Journal" | "Expenses"'.
src/components/MassUploadModal.tsx(193,34): error TS2345: Argument of type '(prev: MassUploadFile[]) => (MassUploadFile | { status: "success"; extractedData: Voucher[]; id: string; file: File; error?: string; })[]' is not assignable to parameter of type 'SetStateAction<MassUploadFile[]>'.
  Type '(prev: MassUploadFile[]) => (MassUploadFile | { status: "success"; extractedData: Voucher[]; id: string; file: File; error?: string; })[]' is not assignable to type '(prevState: MassUploadFile[]) => MassUploadFile[]'.
    Type '(MassUploadFile | { status: "success"; extractedData: Voucher[]; id: string; file: File; error?: string; })[]' is not assignable to type 'MassUploadFile[]'.
      Type 'MassUploadFile | { status: "success"; extractedData: Voucher[]; id: string; file: File; error?: string; }' is not assignable to type 'MassUploadFile'.
        Type '{ status: "success"; extractedData: Voucher[]; id: string; file: File; error?: string; }' is not assignable to type 'MassUploadFile'.
          Types of property 'extractedData' are incompatible.
            Type 'Voucher[]' is missing the following properties from type 'ExtractedInvoiceData': sellerName, invoiceNumber, invoiceDate, subtotal, and 4 more.
src/components/SearchableDropdown.tsx(45,39): error TS2345: Argument of type '{ top: number; }' is not assignable to parameter of type 'SetStateAction<{ top: number; left: number; width: number; }>'.
  Type '{ top: number; }' is missing the following properties from type '{ top: number; left: number; width: number; }': left, width
src/pages/Masters/Masters.tsx(9,38): error TS5097: An import path can only end with a '.tsx' extension when 'allowImportingTsExtensions' is enabled.
src/pages/Reports/Reports.tsx(8,23): error TS1343: The 'import.meta' meta-property is only allowed when the '--module' option is 'es2020', 'es2022', 'esnext', 'system', 'node16', 'node18', or 'nodenext'.
src/pages/Vouchers/PaymentVoucherBulk.tsx(5,23): error TS1343: The 'import.meta' meta-property is only allowed when the '--module' option is 'es2020', 'es2022', 'esnext', 'system', 'node16', 'node18', or 'nodenext'.
src/pages/Vouchers/Vouchers.tsx(18,23): error TS1343: The 'import.meta' meta-property is only allowed when the '--module' option is 'es2020', 'es2022', 'esnext', 'system', 'node16', 'node18', or 'nodenext'.
src/services/geminiService.ts(196,22): error TS1343: The 'import.meta' meta-property is only allowed when the '--module' option is 'es2020', 'es2022', 'esnext', 'system', 'node16', 'node18', or 'nodenext'.
src/services/geminiService.ts(304,22): error TS1343: The 'import.meta' meta-property is only allowed when the '--module' option is 'es2020', 'es2022', 'esnext', 'system', 'node16', 'node18', or 'nodenext'.
src/services/httpClient.ts(24,30): error TS1343: The 'import.meta' meta-property is only allowed when the '--module' option is 'es2020', 'es2022', 'esnext', 'system', 'node16', 'node18', or 'nodenext'.
src/store/initialData.ts(1,77): error TS2307: Cannot find module './types' or its corresponding type declarations.
src/store/initialVouchers.ts(1,30): error TS2307: Cannot find module './types' or its corresponding type declarations.
