src/components/DynamicQuestions.tsx(219,20): error TS2322: Type '{ children: string; jsx: true; }' is not assignable to type 'DetailedHTMLProps<StyleHTMLAttributes<HTMLStyleElement>, HTMLStyleElement>'.
  Property 'jsx' does not exist on type 'DetailedHTMLProps<StyleHTMLAttributes<HTMLStyleElement>, HTMLStyleElement>'.
src/components/inventory-reports/reports/InventoryValuationDetail.tsx(121,17): error TS2322: Type 'Partial<ReportFilters>' is not assignable to type '{ dateFrom: string; dateTo: string; itemId?: string; warehouseId?: string; category?: string; }'.
  Property 'dateFrom' is optional in type 'Partial<ReportFilters>' but required in type '{ dateFrom: string; dateTo: string; itemId?: string; warehouseId?: string; category?: string; }'.
src/components/inventory-reports/reports/InventoryValuationSummary.tsx(123,17): error TS2322: Type 'Partial<ReportFilters>' is not assignable to type '{ dateFrom: string; dateTo: string; itemId?: string; warehouseId?: string; category?: string; }'.
  Property 'dateFrom' is optional in type 'Partial<ReportFilters>' but required in type '{ dateFrom: string; dateTo: string; itemId?: string; warehouseId?: string; category?: string; }'.
src/components/inventory-reports/reports/StockSummaryReport.tsx(92,17): error TS2322: Type 'Partial<ReportFilters>' is not assignable to type '{ dateFrom: string; dateTo: string; itemId?: string; warehouseId?: string; category?: string; }'.
  Property 'dateFrom' is optional in type 'Partial<ReportFilters>' but required in type '{ dateFrom: string; dateTo: string; itemId?: string; warehouseId?: string; category?: string; }'.
src/components/LedgerQuestions.tsx(296,20): error TS2322: Type '{ children: string; jsx: string; }' is not assignable to type 'DetailedHTMLProps<StyleHTMLAttributes<HTMLStyleElement>, HTMLStyleElement>'.
  Property 'jsx' does not exist on type 'DetailedHTMLProps<StyleHTMLAttributes<HTMLStyleElement>, HTMLStyleElement>'.
src/initialData.ts(8,3): error TS2739: Type '{ name: string; }' is missing the following properties from type 'Unit': id, symbol
src/initialData.ts(9,3): error TS2739: Type '{ name: string; }' is missing the following properties from type 'Unit': id, symbol
src/initialData.ts(10,3): error TS2739: Type '{ name: string; }' is missing the following properties from type 'Unit': id, symbol
src/initialData.ts(11,3): error TS2739: Type '{ name: string; }' is missing the following properties from type 'Unit': id, symbol
src/initialData.ts(12,3): error TS2739: Type '{ name: string; }' is missing the following properties from type 'Unit': id, symbol
src/initialData.ts(13,3): error TS2739: Type '{ name: string; }' is missing the following properties from type 'Unit': id, symbol
src/initialData.ts(14,3): error TS2739: Type '{ name: string; }' is missing the following properties from type 'Unit': id, symbol
src/initialData.ts(15,3): error TS2739: Type '{ name: string; }' is missing the following properties from type 'Unit': id, symbol
src/initialData.ts(16,3): error TS2739: Type '{ name: string; }' is missing the following properties from type 'Unit': id, symbol
src/initialData.ts(17,3): error TS2739: Type '{ name: string; }' is missing the following properties from type 'Unit': id, symbol
src/initialData.ts(18,3): error TS2739: Type '{ name: string; }' is missing the following properties from type 'Unit': id, symbol
src/initialData.ts(19,3): error TS2739: Type '{ name: string; }' is missing the following properties from type 'Unit': id, symbol
src/initialData.ts(23,3): error TS2741: Property 'id' is missing in type '{ name: string; }' but required in type 'StockGroup'.
src/initialData.ts(24,3): error TS2741: Property 'id' is missing in type '{ name: string; }' but required in type 'StockGroup'.
src/initialData.ts(25,3): error TS2741: Property 'id' is missing in type '{ name: string; }' but required in type 'StockGroup'.
src/initialData.ts(26,3): error TS2741: Property 'id' is missing in type '{ name: string; }' but required in type 'StockGroup'.
src/initialData.ts(27,3): error TS2741: Property 'id' is missing in type '{ name: string; }' but required in type 'StockGroup'.
src/initialData.ts(28,3): error TS2741: Property 'id' is missing in type '{ name: string; }' but required in type 'StockGroup'.
src/initialData.ts(29,3): error TS2741: Property 'id' is missing in type '{ name: string; }' but required in type 'StockGroup'.
src/store/initialData.ts(1,77): error TS2307: Cannot find module './types' or its corresponding type declarations.
